// Vitest Snapshot v1, https://vitest.dev/guide/snapshot.html

exports[`consistent-list-newline > invalid > 
\\u0009const a = (
\\u0009\\u0009<div>
\\u0009\\u0009\\u0009{text.map((
\\u0009\\u0009\\u0009\\u0009item, index) => (
\\u0009\\u0009\\u0009\\u0009<p>
\\u0009\\u0009\\u0009\\u0009</p>
\\u0009\\u0009\\u0009))}
\\u0009\\u0009</div>
\\u0009)
\\u0009\\u0009 1`] = `
"
	const a = (
		<div>
			{text.map((
				item, 
index
) => (
				<p>
				</p>
			))}
		</div>
	)
		"
`;

exports[`consistent-list-newline > invalid > 
\\u0009export default re_taro({
\\u0009},
\\u0009// some comment
\\u0009{
\\u0009\\u0009foo: 'bar'
\\u0009},
\\u0009{
\\u0009}
\\u0009\\u0009// hello
\\u0009) 1`] = `
"
	export default re_taro({
	},
	// some comment
	{
		foo: 'bar'
	},	{
	}
		// hello
	)"
`;

exports[`consistent-list-newline > invalid > 
\\u0009export default re_taro({
\\u0009},
\\u0009{
\\u0009\\u0009foo: 'bar'
\\u0009}
\\u0009\\u0009// some comment
\\u0009\\u0009// hello
\\u0009) 1`] = `
"
	export default re_taro({
	},	{
		foo: 'bar'
	}
		// some comment
		// hello
	)"
`;

exports[`consistent-list-newline > invalid > const [
a,b] = c 1`] = `
"const [
a,
b
] = c"
`;

exports[`consistent-list-newline > invalid > const {a,
b
} = c 1`] = `"const {a,b} = c"`;

exports[`consistent-list-newline > invalid > const a = [
1, 2, 3] 1`] = `
"const a = [
1, 
2, 
3
]"
`;

exports[`consistent-list-newline > invalid > const a = [1, 
2, 3
] 1`] = `"const a = [1, 2, 3]"`;

exports[`consistent-list-newline > invalid > const a = {
foo: "bar", bar: 2 } 1`] = `
"const a = {
foo: "bar", 
bar: 2
 }"
`;

exports[`consistent-list-newline > invalid > const a = {foo: "bar", 
bar: 2
} 1`] = `"const a = {foo: "bar", bar: 2}"`;

exports[`consistent-list-newline > invalid > const a = {foo: "bar", \\u000d
bar: 2\\u000d
} 1`] = `"const a = {foo: "bar", bar: 2}"`;

exports[`consistent-list-newline > invalid > const foo = (
a, b) => {} 1`] = `
"const foo = (
a, 
b
) => {}"
`;

exports[`consistent-list-newline > invalid > const foo = (
a, b): {
a:b} => {} 1`] = `
"const foo = (
a, 
b
): {
a:b
} => {}"
`;

exports[`consistent-list-newline > invalid > const foo = (
a, b): {a:b} => {} 1`] = `
"const foo = (
a, 
b
): {a:b} => {}"
`;

exports[`consistent-list-newline > invalid > foo(
()=>bar(),
()=>
baz()) 1`] = `
"foo(
()=>bar(),
()=>
baz()
)"
`;

exports[`consistent-list-newline > invalid > foo(()=>bar(),
()=>
baz()) 1`] = `
"foo(()=>bar(),()=>
baz())"
`;

exports[`consistent-list-newline > invalid > foo(([
a,b]) => {}) 1`] = `
"foo(([
a,
b
]) => {})"
`;

exports[`consistent-list-newline > invalid > foo<
X,Y>(
1, 2) 1`] = `
"foo<
X,
Y
>(
1, 
2
)"
`;

exports[`consistent-list-newline > invalid > foo<X,
Y>(1, 2) 1`] = `"foo<X,Y>(1, 2)"`;

exports[`consistent-list-newline > invalid > function foo(
a, b) {} 1`] = `
"function foo(
a, 
b
) {}"
`;

exports[`consistent-list-newline > invalid > function foo<
X,Y>() {} 1`] = `
"function foo<
X,
Y
>() {}"
`;

exports[`consistent-list-newline > invalid > import {
foo, bar } from "foo" 1`] = `
"import {
foo, 
bar
 } from "foo""
`;

exports[`consistent-list-newline > invalid > import { foo, 
bar } from "foo" 1`] = `"import { foo, bar } from "foo""`;

exports[`consistent-list-newline > invalid > interface Foo {
a: 1,b: 2
} 1`] = `
"interface Foo {
a: 1,
b: 2
}"
`;

exports[`consistent-list-newline > invalid > log(
a, b) 1`] = `
"log(
a, 
b
)"
`;

exports[`consistent-list-newline > invalid > new Foo(
1,2,
3) 1`] = `
"new Foo(
1,
2,
3
)"
`;

exports[`consistent-list-newline > invalid > new Foo(1,2,
3) 1`] = `"new Foo(1,2,3)"`;

exports[`consistent-list-newline > invalid > type Foo = [1,2,
3] 1`] = `"type Foo = [1,2,3]"`;

exports[`consistent-list-newline > invalid > type Foo = {
a: 1,b: 2
} 1`] = `
"type Foo = {
a: 1,
b: 2
}"
`;
