// Vitest Snapshot v1, https://vitest.dev/guide/snapshot.html

exports[`@default filled array 1`] = `
"/**
 * The summary
 *
 * @default [1, \\"two\\", { three: true }, [\\"four\\"]]
 */
"
`;

exports[`@default filled object 1`] = `
"/**
 * The summary
 *
 * @default { object: \\"value\\", nestingTest: { obj: \\"nested\\" } }
 */
"
`;

exports[`@defaultValue filled array 1`] = `
"/**
 * The summary
 *
 * @defaultValue [1, \\"two\\", { three: true }, [\\"four\\"]]
 */
"
`;

exports[`@defaultValue filled object 1`] = `
"/**
 * The summary
 *
 * @defaultValue { object: \\"value\\", nestingTest: { obj: \\"nested\\" } }
 */
"
`;

exports[`Can't convert double quote @default if a single quote character is in the string 1`] = `
"/**
 * The summary
 *
 * @default \\"This isn't bad\\"
 */
"
`;

exports[`Multi line codegen 1`] = `
"/** @default codegen */
"
`;

exports[`Single line codegen 1`] = `
"/** @default codegen */
"
`;

exports[`code in default 1`] = `
"/**
 * The path to the config file or directory contains the config file.
 *
 * @default process.cwd()
 */
"
`;

exports[`convert double quote @default to single quote 1`] = `
"/**
 * The summary
 *
 * @default 'value'
 */
"
`;

exports[`convert single quote @default to double quote 1`] = `
"/**
 * The summary
 *
 * @default \\"value\\"
 */
"
`;

exports[`default empty array 1`] = `
"/**
 * The summary
 *
 * @default [ ]
 */
"
`;

exports[`default empty object 1`] = `
"/**
 * The summary
 *
 * @default { }
 */
"
`;

exports[`default string with description 1`] = `
"/**
 * The summary
 *
 * @default \\"type\\" description
 */
"
`;

exports[`double default one 1`] = `
"/**
 * The summary
 *
 * @default \\"something\\"
 * @default { }
 */
"
`;

exports[`double default two 1`] = `
"/**
 * The summary
 *
 * @default { }
 * @default \\"something\\"
 */
"
`;

exports[`empty default tag 1`] = `
"/**
 * The summary
 *
 * @default
 */
"
`;
