// Vitest Snapshot v1, https://vitest.dev/guide/snapshot.html

exports[`should > sort 1`] = `
"{
  \\"name\\": \\"foo\\",
  \\"version\\": \\"1.0.0\\",
  \\"dependencies\\": {}
}
"
`;
